// Jest Snapshot v1, https://goo.gl/fbAQLP

exports[`Pruebas en <GifItem/> debe de hacer match con el snapshot 1`] = `
<div>
  <div
    class="card"
  >
    <img
      alt="DRAGON BALL"
      src="http://www.yomero.com"
    />
    <p>
      DRAGON BALL
    </p>
  </div>
</div>
`;
